RUNTIME ERROR: Object assertion failed.
	error.obj_assert.fail1.jsonnet:20:23-29	thunk <object_assert>
	std.jsonnet:1057:54-58	thunk <a>
	std.jsonnet:1057:54-66	function <anonymous>
	std.jsonnet:1057:54-66	function <anonymous>
	std.jsonnet:1061:21-33	
