RUNTIME ERROR: Object assertion failed.
	error.invariant.equality.jsonnet:17:10-15	thunk <object_assert>
	std.jsonnet:1057:54-58	thunk <a>
	std.jsonnet:1057:54-66	function <anonymous>
	std.jsonnet:1057:54-66	function <anonymous>
	std.jsonnet:1061:21-33	
